// Jest Snapshot v1, https://goo.gl/fbAQLP

exports[`ProfileScreenContainer Rendering 1`] = `
ShallowWrapper {
  "length": 1,
  Symbol(enzyme.__root__): [Circular],
  Symbol(enzyme.__unrendered__): <EmptyProfileScreen
    navigator={
      Object {
        "pop": [MockFunction],
        "push": [MockFunction],
        "setButtons": [MockFunction] {
          "calls": Array [
            Array [
              Object {
                "leftButtons": Array [],
                "rightButtons": Array [],
              },
            ],
          ],
        },
        "setOnNavigatorEvent": [MockFunction],
      }
    }
    onCreateAccountProfile={[MockFunction]}
    store={
      Object {
        "clearActions": [Function],
        "dispatch": [Function],
        "getActions": [Function],
        "getState": [Function],
        "replaceReducer": [Function],
        "subscribe": [Function],
      }
    }
  />,
  Symbol(enzyme.__renderer__): Object {
    "batchedUpdates": [Function],
    "getNode": [Function],
    "render": [Function],
    "simulateEvent": [Function],
    "unmount": [Function],
  },
  Symbol(enzyme.__node__): Object {
    "instance": null,
    "key": undefined,
    "nodeType": "class",
    "props": Object {
      "children": Array [
        <ScreenTitle
          title="Profile"
        />,
        <PanelView
          body="Bitnation is a decentralized, open-source movement powered by blockchain technology. Bitnation offers a peer-to-peer voluntary governance system to compete with the prevailing top-down, one-size-fits-all, geographical apartheid Nation State model wherein your quality of life is arbitrarily defined by where you were born."
          buttonTitle="Create a User Profile"
          childrenContainerStyle={Object {}}
          icon={undefined}
          onButtonClick={null}
          renderAdditionalInfo={null}
          renderBottom={null}
          style={
            Object {
              "backgroundColor": "transparent",
              "borderRadius": 8,
              "flexDirection": "column",
              "justifyContent": "space-between",
              "marginBottom": 8,
              "marginLeft": 0,
              "marginRight": 0,
              "marginTop": 8,
              "paddingBottom": 4,
              "paddingLeft": 8,
              "paddingRight": 8,
              "paddingTop": 4,
            }
          }
          title="Become a World Citizen"
          titleStyle={
            Object {
              "color": "#58595B",
              "fontFamily": "Roboto",
              "fontSize": 22,
              "fontWeight": "bold",
              "letterSpacing": 0,
              "lineHeight": 28,
              "textAlign": "left",
            }
          }
        />,
      ],
      "style": Object {
        "alignContent": "flex-start",
        "flex": 1,
        "flexDirection": "column",
        "justifyContent": "flex-start",
        "marginLeft": 8,
        "marginRight": 8,
      },
    },
    "ref": null,
    "rendered": Array [
      Object {
        "instance": null,
        "key": undefined,
        "nodeType": "function",
        "props": Object {
          "title": "Profile",
        },
        "ref": null,
        "rendered": null,
        "type": [Function],
      },
      Object {
        "instance": null,
        "key": undefined,
        "nodeType": "class",
        "props": Object {
          "body": "Bitnation is a decentralized, open-source movement powered by blockchain technology. Bitnation offers a peer-to-peer voluntary governance system to compete with the prevailing top-down, one-size-fits-all, geographical apartheid Nation State model wherein your quality of life is arbitrarily defined by where you were born.",
          "buttonTitle": "Create a User Profile",
          "children": null,
          "childrenContainerStyle": Object {},
          "icon": undefined,
          "onButtonClick": null,
          "renderAdditionalInfo": null,
          "renderBottom": null,
          "style": Object {
            "backgroundColor": "transparent",
            "borderRadius": 8,
            "flexDirection": "column",
            "justifyContent": "space-between",
            "marginBottom": 8,
            "marginLeft": 0,
            "marginRight": 0,
            "marginTop": 8,
            "paddingBottom": 4,
            "paddingLeft": 8,
            "paddingRight": 8,
            "paddingTop": 4,
          },
          "title": "Become a World Citizen",
          "titleStyle": Object {
            "color": "#58595B",
            "fontFamily": "Roboto",
            "fontSize": 22,
            "fontWeight": "bold",
            "letterSpacing": 0,
            "lineHeight": 28,
            "textAlign": "left",
          },
        },
        "ref": null,
        "rendered": null,
        "type": [Function],
      },
    ],
    "type": [Function],
  },
  Symbol(enzyme.__nodes__): Array [
    Object {
      "instance": null,
      "key": undefined,
      "nodeType": "class",
      "props": Object {
        "children": Array [
          <ScreenTitle
            title="Profile"
          />,
          <PanelView
            body="Bitnation is a decentralized, open-source movement powered by blockchain technology. Bitnation offers a peer-to-peer voluntary governance system to compete with the prevailing top-down, one-size-fits-all, geographical apartheid Nation State model wherein your quality of life is arbitrarily defined by where you were born."
            buttonTitle="Create a User Profile"
            childrenContainerStyle={Object {}}
            icon={undefined}
            onButtonClick={null}
            renderAdditionalInfo={null}
            renderBottom={null}
            style={
              Object {
                "backgroundColor": "transparent",
                "borderRadius": 8,
                "flexDirection": "column",
                "justifyContent": "space-between",
                "marginBottom": 8,
                "marginLeft": 0,
                "marginRight": 0,
                "marginTop": 8,
                "paddingBottom": 4,
                "paddingLeft": 8,
                "paddingRight": 8,
                "paddingTop": 4,
              }
            }
            title="Become a World Citizen"
            titleStyle={
              Object {
                "color": "#58595B",
                "fontFamily": "Roboto",
                "fontSize": 22,
                "fontWeight": "bold",
                "letterSpacing": 0,
                "lineHeight": 28,
                "textAlign": "left",
              }
            }
          />,
        ],
        "style": Object {
          "alignContent": "flex-start",
          "flex": 1,
          "flexDirection": "column",
          "justifyContent": "flex-start",
          "marginLeft": 8,
          "marginRight": 8,
        },
      },
      "ref": null,
      "rendered": Array [
        Object {
          "instance": null,
          "key": undefined,
          "nodeType": "function",
          "props": Object {
            "title": "Profile",
          },
          "ref": null,
          "rendered": null,
          "type": [Function],
        },
        Object {
          "instance": null,
          "key": undefined,
          "nodeType": "class",
          "props": Object {
            "body": "Bitnation is a decentralized, open-source movement powered by blockchain technology. Bitnation offers a peer-to-peer voluntary governance system to compete with the prevailing top-down, one-size-fits-all, geographical apartheid Nation State model wherein your quality of life is arbitrarily defined by where you were born.",
            "buttonTitle": "Create a User Profile",
            "children": null,
            "childrenContainerStyle": Object {},
            "icon": undefined,
            "onButtonClick": null,
            "renderAdditionalInfo": null,
            "renderBottom": null,
            "style": Object {
              "backgroundColor": "transparent",
              "borderRadius": 8,
              "flexDirection": "column",
              "justifyContent": "space-between",
              "marginBottom": 8,
              "marginLeft": 0,
              "marginRight": 0,
              "marginTop": 8,
              "paddingBottom": 4,
              "paddingLeft": 8,
              "paddingRight": 8,
              "paddingTop": 4,
            },
            "title": "Become a World Citizen",
            "titleStyle": Object {
              "color": "#58595B",
              "fontFamily": "Roboto",
              "fontSize": 22,
              "fontWeight": "bold",
              "letterSpacing": 0,
              "lineHeight": 28,
              "textAlign": "left",
            },
          },
          "ref": null,
          "rendered": null,
          "type": [Function],
        },
      ],
      "type": [Function],
    },
  ],
  Symbol(enzyme.__options__): Object {
    "adapter": ReactSixteenAdapter {
      "options": Object {
        "enableComponentDidUpdateOnSetState": true,
      },
    },
  },
}
`;
