// Jest Snapshot v1, https://goo.gl/fbAQLP

exports[`PinCodeScreen Rendering 1`] = `
ShallowWrapper {
  "length": 1,
  Symbol(enzyme.__root__): [Circular],
  Symbol(enzyme.__unrendered__): <PinCodeScreen
    navigator={
      Object {
        "pop": [MockFunction],
        "push": [MockFunction],
        "setButtons": [MockFunction] {
          "calls": Array [
            Array [
              Object {},
            ],
          ],
        },
        "setOnNavigatorEvent": [MockFunction] {
          "calls": Array [
            Array [
              [Function],
            ],
          ],
        },
      }
    }
    onCancel={[MockFunction]}
    onSubmit={[MockFunction]}
    shouldShowCancel={false}
    shouldShowForget={false}
    store={
      Object {
        "clearActions": [Function],
        "dispatch": [Function],
        "getActions": [Function],
        "getState": [Function],
        "replaceReducer": [Function],
        "subscribe": [Function],
      }
    }
  />,
  Symbol(enzyme.__renderer__): Object {
    "batchedUpdates": [Function],
    "getNode": [Function],
    "render": [Function],
    "simulateEvent": [Function],
    "unmount": [Function],
  },
  Symbol(enzyme.__node__): Object {
    "instance": null,
    "key": undefined,
    "nodeType": "class",
    "props": Object {
      "children": Array [
        <Styled(Text)
          style={
            Object {
              "alignSelf": "center",
              "color": "#58595B",
              "fontFamily": "Roboto",
              "fontSize": 19,
              "fontWeight": "bold",
              "letterSpacing": 0,
              "lineHeight": 22,
            }
          }
          virtual={undefined}
        />,
        <TextInput
          allowFontScaling={true}
          autoFocus={true}
          keyboardType="numeric"
          onChangeText={[Function]}
          secureTextEntry={true}
          style={
            Object {
              "color": "#58595B",
              "fontSize": 40,
              "height": 180,
              "marginLeft": 30,
              "marginRight": 30,
              "marginTop": 36,
              "paddingBottom": 35,
              "paddingTop": 30,
              "textAlign": "center",
            }
          }
          value=""
        />,
        <View
          style={
            Object {
              "marginLeft": 13,
              "marginRight": 13,
            }
          }
        >
          <Styled(Button)
            block={true}
            bordered={true}
            enabled={false}
            onPress={[Function]}
            rounded={true}
            style={
              Object {
                "alignSelf": "center",
                "backgroundColor": "#FF8B00",
                "borderColor": "#FF8B00",
                "marginTop": 15,
                "width": 300,
              }
            }
            virtual={undefined}
            warning={true}
          >
            <Styled(Text)
              style={
                Object {
                  "fontSize": 20,
                }
              }
              virtual={undefined}
            >
              OK
            </Styled(Text)>
          </Styled(Button)>
        </View>,
        false,
      ],
      "style": Object {
        "alignContent": "flex-start",
        "flex": 1,
        "flexDirection": "column",
        "justifyContent": "flex-start",
        "marginLeft": 8,
        "marginRight": 8,
      },
    },
    "ref": null,
    "rendered": Array [
      Object {
        "instance": null,
        "key": undefined,
        "nodeType": "class",
        "props": Object {
          "children": undefined,
          "style": Object {
            "alignSelf": "center",
            "color": "#58595B",
            "fontFamily": "Roboto",
            "fontSize": 19,
            "fontWeight": "bold",
            "letterSpacing": 0,
            "lineHeight": 22,
          },
          "virtual": undefined,
        },
        "ref": null,
        "rendered": null,
        "type": [Function],
      },
      Object {
        "instance": null,
        "key": undefined,
        "nodeType": "class",
        "props": Object {
          "allowFontScaling": true,
          "autoFocus": true,
          "keyboardType": "numeric",
          "onChangeText": [Function],
          "secureTextEntry": true,
          "style": Object {
            "color": "#58595B",
            "fontSize": 40,
            "height": 180,
            "marginLeft": 30,
            "marginRight": 30,
            "marginTop": 36,
            "paddingBottom": 35,
            "paddingTop": 30,
            "textAlign": "center",
          },
          "value": "",
        },
        "ref": null,
        "rendered": null,
        "type": [Function],
      },
      Object {
        "instance": null,
        "key": undefined,
        "nodeType": "class",
        "props": Object {
          "children": <Styled(Button)
            block={true}
            bordered={true}
            enabled={false}
            onPress={[Function]}
            rounded={true}
            style={
              Object {
                "alignSelf": "center",
                "backgroundColor": "#FF8B00",
                "borderColor": "#FF8B00",
                "marginTop": 15,
                "width": 300,
              }
            }
            virtual={undefined}
            warning={true}
          >
            <Styled(Text)
              style={
                Object {
                  "fontSize": 20,
                }
              }
              virtual={undefined}
            >
              OK
            </Styled(Text)>
          </Styled(Button)>,
          "style": Object {
            "marginLeft": 13,
            "marginRight": 13,
          },
        },
        "ref": null,
        "rendered": Object {
          "instance": null,
          "key": undefined,
          "nodeType": "class",
          "props": Object {
            "block": true,
            "bordered": true,
            "children": <Styled(Text)
              style={
                Object {
                  "fontSize": 20,
                }
              }
              virtual={undefined}
            >
              OK
            </Styled(Text)>,
            "enabled": false,
            "onPress": [Function],
            "rounded": true,
            "style": Object {
              "alignSelf": "center",
              "backgroundColor": "#FF8B00",
              "borderColor": "#FF8B00",
              "marginTop": 15,
              "width": 300,
            },
            "virtual": undefined,
            "warning": true,
          },
          "ref": null,
          "rendered": Object {
            "instance": null,
            "key": undefined,
            "nodeType": "class",
            "props": Object {
              "children": "OK",
              "style": Object {
                "fontSize": 20,
              },
              "virtual": undefined,
            },
            "ref": null,
            "rendered": "OK",
            "type": [Function],
          },
          "type": [Function],
        },
        "type": [Function],
      },
      false,
    ],
    "type": [Function],
  },
  Symbol(enzyme.__nodes__): Array [
    Object {
      "instance": null,
      "key": undefined,
      "nodeType": "class",
      "props": Object {
        "children": Array [
          <Styled(Text)
            style={
              Object {
                "alignSelf": "center",
                "color": "#58595B",
                "fontFamily": "Roboto",
                "fontSize": 19,
                "fontWeight": "bold",
                "letterSpacing": 0,
                "lineHeight": 22,
              }
            }
            virtual={undefined}
          />,
          <TextInput
            allowFontScaling={true}
            autoFocus={true}
            keyboardType="numeric"
            onChangeText={[Function]}
            secureTextEntry={true}
            style={
              Object {
                "color": "#58595B",
                "fontSize": 40,
                "height": 180,
                "marginLeft": 30,
                "marginRight": 30,
                "marginTop": 36,
                "paddingBottom": 35,
                "paddingTop": 30,
                "textAlign": "center",
              }
            }
            value=""
          />,
          <View
            style={
              Object {
                "marginLeft": 13,
                "marginRight": 13,
              }
            }
          >
            <Styled(Button)
              block={true}
              bordered={true}
              enabled={false}
              onPress={[Function]}
              rounded={true}
              style={
                Object {
                  "alignSelf": "center",
                  "backgroundColor": "#FF8B00",
                  "borderColor": "#FF8B00",
                  "marginTop": 15,
                  "width": 300,
                }
              }
              virtual={undefined}
              warning={true}
            >
              <Styled(Text)
                style={
                  Object {
                    "fontSize": 20,
                  }
                }
                virtual={undefined}
              >
                OK
              </Styled(Text)>
            </Styled(Button)>
          </View>,
          false,
        ],
        "style": Object {
          "alignContent": "flex-start",
          "flex": 1,
          "flexDirection": "column",
          "justifyContent": "flex-start",
          "marginLeft": 8,
          "marginRight": 8,
        },
      },
      "ref": null,
      "rendered": Array [
        Object {
          "instance": null,
          "key": undefined,
          "nodeType": "class",
          "props": Object {
            "children": undefined,
            "style": Object {
              "alignSelf": "center",
              "color": "#58595B",
              "fontFamily": "Roboto",
              "fontSize": 19,
              "fontWeight": "bold",
              "letterSpacing": 0,
              "lineHeight": 22,
            },
            "virtual": undefined,
          },
          "ref": null,
          "rendered": null,
          "type": [Function],
        },
        Object {
          "instance": null,
          "key": undefined,
          "nodeType": "class",
          "props": Object {
            "allowFontScaling": true,
            "autoFocus": true,
            "keyboardType": "numeric",
            "onChangeText": [Function],
            "secureTextEntry": true,
            "style": Object {
              "color": "#58595B",
              "fontSize": 40,
              "height": 180,
              "marginLeft": 30,
              "marginRight": 30,
              "marginTop": 36,
              "paddingBottom": 35,
              "paddingTop": 30,
              "textAlign": "center",
            },
            "value": "",
          },
          "ref": null,
          "rendered": null,
          "type": [Function],
        },
        Object {
          "instance": null,
          "key": undefined,
          "nodeType": "class",
          "props": Object {
            "children": <Styled(Button)
              block={true}
              bordered={true}
              enabled={false}
              onPress={[Function]}
              rounded={true}
              style={
                Object {
                  "alignSelf": "center",
                  "backgroundColor": "#FF8B00",
                  "borderColor": "#FF8B00",
                  "marginTop": 15,
                  "width": 300,
                }
              }
              virtual={undefined}
              warning={true}
            >
              <Styled(Text)
                style={
                  Object {
                    "fontSize": 20,
                  }
                }
                virtual={undefined}
              >
                OK
              </Styled(Text)>
            </Styled(Button)>,
            "style": Object {
              "marginLeft": 13,
              "marginRight": 13,
            },
          },
          "ref": null,
          "rendered": Object {
            "instance": null,
            "key": undefined,
            "nodeType": "class",
            "props": Object {
              "block": true,
              "bordered": true,
              "children": <Styled(Text)
                style={
                  Object {
                    "fontSize": 20,
                  }
                }
                virtual={undefined}
              >
                OK
              </Styled(Text)>,
              "enabled": false,
              "onPress": [Function],
              "rounded": true,
              "style": Object {
                "alignSelf": "center",
                "backgroundColor": "#FF8B00",
                "borderColor": "#FF8B00",
                "marginTop": 15,
                "width": 300,
              },
              "virtual": undefined,
              "warning": true,
            },
            "ref": null,
            "rendered": Object {
              "instance": null,
              "key": undefined,
              "nodeType": "class",
              "props": Object {
                "children": "OK",
                "style": Object {
                  "fontSize": 20,
                },
                "virtual": undefined,
              },
              "ref": null,
              "rendered": "OK",
              "type": [Function],
            },
            "type": [Function],
          },
          "type": [Function],
        },
        false,
      ],
      "type": [Function],
    },
  ],
  Symbol(enzyme.__options__): Object {
    "adapter": ReactSixteenAdapter {
      "options": Object {
        "enableComponentDidUpdateOnSetState": true,
      },
    },
  },
}
`;
