// Jest Snapshot v1, https://goo.gl/fbAQLP

exports[`WalletCard component tests Press on Send/Receive Buttons 1`] = `
ShallowWrapper {
  "length": 1,
  Symbol(enzyme.__root__): [Circular],
  Symbol(enzyme.__unrendered__): <WalletCard
    balance="Testing balance"
    imagePath={1}
    nameHeading="Testing Press"
    onReceivePress={[Function]}
    onSendPress={[Function]}
    onTransactionPress={[Function]}
  />,
  Symbol(enzyme.__renderer__): Object {
    "batchedUpdates": [Function],
    "getNode": [Function],
    "render": [Function],
    "simulateEvent": [Function],
    "unmount": [Function],
  },
  Symbol(enzyme.__node__): Object {
    "instance": null,
    "key": undefined,
    "nodeType": "class",
    "props": Object {
      "children": <View
        style={
          Object {
            "alignItems": "stretch",
            "backgroundColor": "white",
            "borderRadius": 15,
            "flex": 1,
            "flexDirection": "row",
            "justifyContent": "flex-start",
          }
        }
      >
        <Image
          resizeMode="contain"
          source={1}
          style={
            Object {
              "marginRight": 5,
              "marginTop": 36,
              "width": 55,
            }
          }
        />
        <View
          style={
            Object {
              "flex": 1,
              "justifyContent": "flex-start",
              "marginLeft": 0,
            }
          }
        >
          <View
            style={
              Object {
                "flex": 1,
              }
            }
          />
          <Styled(Text)
            style={
              Object {
                "color": "#929497",
                "fontSize": 17,
                "fontWeight": "bold",
                "marginBottom": 4,
              }
            }
            virtual={undefined}
          >
            Testing Press
          </Styled(Text)>
          <Styled(Text)
            style={
              Object {
                "color": "#FFCE00",
                "fontSize": 30,
              }
            }
            virtual={undefined}
          >
            Testing balance
          </Styled(Text)>
          <View
            style={
              Object {
                "flex": 1,
              }
            }
          />
          <View
            style={
              Object {
                "flexDirection": "row",
                "justifyContent": "space-between",
                "marginBottom": 15,
                "marginRight": 15,
              }
            }
          >
            <Styled(Button)
              onPress={[Function]}
              style={
                Object {
                  "backgroundColor": "transparent",
                  "borderRadius": 40,
                  "height": 20,
                }
              }
              virtual={undefined}
            >
              <Styled(Text)
                style={
                  Object {
                    "color": "#FB8C25",
                  }
                }
                virtual={undefined}
              >
                Send
              </Styled(Text)>
            </Styled(Button)>
            <Styled(Button)
              onPress={[Function]}
              style={
                Object {
                  "backgroundColor": "transparent",
                  "borderRadius": 40,
                  "height": 20,
                }
              }
              virtual={undefined}
            >
              <Styled(Text)
                style={
                  Object {
                    "color": "#FB8C25",
                  }
                }
                virtual={undefined}
              >
                Receive
              </Styled(Text)>
            </Styled(Button)>
            <Styled(Button)
              onPress={[Function]}
              style={
                Object {
                  "backgroundColor": "transparent",
                  "borderRadius": 40,
                  "height": 20,
                }
              }
              virtual={undefined}
            >
              <Styled(Text)
                style={
                  Object {
                    "color": "#FB8C25",
                  }
                }
                virtual={undefined}
              >
                Transactions
              </Styled(Text)>
            </Styled(Button)>
          </View>
        </View>
      </View>,
      "style": Object {
        "alignItems": "stretch",
        "backgroundColor": "transparent",
        "flex": 1,
        "height": 130,
        "marginTop": 5,
      },
    },
    "ref": null,
    "rendered": Object {
      "instance": null,
      "key": undefined,
      "nodeType": "class",
      "props": Object {
        "children": Array [
          <Image
            resizeMode="contain"
            source={1}
            style={
              Object {
                "marginRight": 5,
                "marginTop": 36,
                "width": 55,
              }
            }
          />,
          <View
            style={
              Object {
                "flex": 1,
                "justifyContent": "flex-start",
                "marginLeft": 0,
              }
            }
          >
            <View
              style={
                Object {
                  "flex": 1,
                }
              }
            />
            <Styled(Text)
              style={
                Object {
                  "color": "#929497",
                  "fontSize": 17,
                  "fontWeight": "bold",
                  "marginBottom": 4,
                }
              }
              virtual={undefined}
            >
              Testing Press
            </Styled(Text)>
            <Styled(Text)
              style={
                Object {
                  "color": "#FFCE00",
                  "fontSize": 30,
                }
              }
              virtual={undefined}
            >
              Testing balance
            </Styled(Text)>
            <View
              style={
                Object {
                  "flex": 1,
                }
              }
            />
            <View
              style={
                Object {
                  "flexDirection": "row",
                  "justifyContent": "space-between",
                  "marginBottom": 15,
                  "marginRight": 15,
                }
              }
            >
              <Styled(Button)
                onPress={[Function]}
                style={
                  Object {
                    "backgroundColor": "transparent",
                    "borderRadius": 40,
                    "height": 20,
                  }
                }
                virtual={undefined}
              >
                <Styled(Text)
                  style={
                    Object {
                      "color": "#FB8C25",
                    }
                  }
                  virtual={undefined}
                >
                  Send
                </Styled(Text)>
              </Styled(Button)>
              <Styled(Button)
                onPress={[Function]}
                style={
                  Object {
                    "backgroundColor": "transparent",
                    "borderRadius": 40,
                    "height": 20,
                  }
                }
                virtual={undefined}
              >
                <Styled(Text)
                  style={
                    Object {
                      "color": "#FB8C25",
                    }
                  }
                  virtual={undefined}
                >
                  Receive
                </Styled(Text)>
              </Styled(Button)>
              <Styled(Button)
                onPress={[Function]}
                style={
                  Object {
                    "backgroundColor": "transparent",
                    "borderRadius": 40,
                    "height": 20,
                  }
                }
                virtual={undefined}
              >
                <Styled(Text)
                  style={
                    Object {
                      "color": "#FB8C25",
                    }
                  }
                  virtual={undefined}
                >
                  Transactions
                </Styled(Text)>
              </Styled(Button)>
            </View>
          </View>,
        ],
        "style": Object {
          "alignItems": "stretch",
          "backgroundColor": "white",
          "borderRadius": 15,
          "flex": 1,
          "flexDirection": "row",
          "justifyContent": "flex-start",
        },
      },
      "ref": null,
      "rendered": Array [
        Object {
          "instance": null,
          "key": undefined,
          "nodeType": "class",
          "props": Object {
            "resizeMode": "contain",
            "source": 1,
            "style": Object {
              "marginRight": 5,
              "marginTop": 36,
              "width": 55,
            },
          },
          "ref": null,
          "rendered": null,
          "type": [Function],
        },
        Object {
          "instance": null,
          "key": undefined,
          "nodeType": "class",
          "props": Object {
            "children": Array [
              <View
                style={
                  Object {
                    "flex": 1,
                  }
                }
              />,
              <Styled(Text)
                style={
                  Object {
                    "color": "#929497",
                    "fontSize": 17,
                    "fontWeight": "bold",
                    "marginBottom": 4,
                  }
                }
                virtual={undefined}
              >
                Testing Press
              </Styled(Text)>,
              <Styled(Text)
                style={
                  Object {
                    "color": "#FFCE00",
                    "fontSize": 30,
                  }
                }
                virtual={undefined}
              >
                Testing balance
              </Styled(Text)>,
              <View
                style={
                  Object {
                    "flex": 1,
                  }
                }
              />,
              <View
                style={
                  Object {
                    "flexDirection": "row",
                    "justifyContent": "space-between",
                    "marginBottom": 15,
                    "marginRight": 15,
                  }
                }
              >
                <Styled(Button)
                  onPress={[Function]}
                  style={
                    Object {
                      "backgroundColor": "transparent",
                      "borderRadius": 40,
                      "height": 20,
                    }
                  }
                  virtual={undefined}
                >
                  <Styled(Text)
                    style={
                      Object {
                        "color": "#FB8C25",
                      }
                    }
                    virtual={undefined}
                  >
                    Send
                  </Styled(Text)>
                </Styled(Button)>
                <Styled(Button)
                  onPress={[Function]}
                  style={
                    Object {
                      "backgroundColor": "transparent",
                      "borderRadius": 40,
                      "height": 20,
                    }
                  }
                  virtual={undefined}
                >
                  <Styled(Text)
                    style={
                      Object {
                        "color": "#FB8C25",
                      }
                    }
                    virtual={undefined}
                  >
                    Receive
                  </Styled(Text)>
                </Styled(Button)>
                <Styled(Button)
                  onPress={[Function]}
                  style={
                    Object {
                      "backgroundColor": "transparent",
                      "borderRadius": 40,
                      "height": 20,
                    }
                  }
                  virtual={undefined}
                >
                  <Styled(Text)
                    style={
                      Object {
                        "color": "#FB8C25",
                      }
                    }
                    virtual={undefined}
                  >
                    Transactions
                  </Styled(Text)>
                </Styled(Button)>
              </View>,
            ],
            "style": Object {
              "flex": 1,
              "justifyContent": "flex-start",
              "marginLeft": 0,
            },
          },
          "ref": null,
          "rendered": Array [
            Object {
              "instance": null,
              "key": undefined,
              "nodeType": "class",
              "props": Object {
                "style": Object {
                  "flex": 1,
                },
              },
              "ref": null,
              "rendered": null,
              "type": [Function],
            },
            Object {
              "instance": null,
              "key": undefined,
              "nodeType": "class",
              "props": Object {
                "children": "Testing Press",
                "style": Object {
                  "color": "#929497",
                  "fontSize": 17,
                  "fontWeight": "bold",
                  "marginBottom": 4,
                },
                "virtual": undefined,
              },
              "ref": null,
              "rendered": "Testing Press",
              "type": [Function],
            },
            Object {
              "instance": null,
              "key": undefined,
              "nodeType": "class",
              "props": Object {
                "children": "Testing balance",
                "style": Object {
                  "color": "#FFCE00",
                  "fontSize": 30,
                },
                "virtual": undefined,
              },
              "ref": null,
              "rendered": "Testing balance",
              "type": [Function],
            },
            Object {
              "instance": null,
              "key": undefined,
              "nodeType": "class",
              "props": Object {
                "style": Object {
                  "flex": 1,
                },
              },
              "ref": null,
              "rendered": null,
              "type": [Function],
            },
            Object {
              "instance": null,
              "key": undefined,
              "nodeType": "class",
              "props": Object {
                "children": Array [
                  <Styled(Button)
                    onPress={[Function]}
                    style={
                      Object {
                        "backgroundColor": "transparent",
                        "borderRadius": 40,
                        "height": 20,
                      }
                    }
                    virtual={undefined}
                  >
                    <Styled(Text)
                      style={
                        Object {
                          "color": "#FB8C25",
                        }
                      }
                      virtual={undefined}
                    >
                      Send
                    </Styled(Text)>
                  </Styled(Button)>,
                  <Styled(Button)
                    onPress={[Function]}
                    style={
                      Object {
                        "backgroundColor": "transparent",
                        "borderRadius": 40,
                        "height": 20,
                      }
                    }
                    virtual={undefined}
                  >
                    <Styled(Text)
                      style={
                        Object {
                          "color": "#FB8C25",
                        }
                      }
                      virtual={undefined}
                    >
                      Receive
                    </Styled(Text)>
                  </Styled(Button)>,
                  <Styled(Button)
                    onPress={[Function]}
                    style={
                      Object {
                        "backgroundColor": "transparent",
                        "borderRadius": 40,
                        "height": 20,
                      }
                    }
                    virtual={undefined}
                  >
                    <Styled(Text)
                      style={
                        Object {
                          "color": "#FB8C25",
                        }
                      }
                      virtual={undefined}
                    >
                      Transactions
                    </Styled(Text)>
                  </Styled(Button)>,
                ],
                "style": Object {
                  "flexDirection": "row",
                  "justifyContent": "space-between",
                  "marginBottom": 15,
                  "marginRight": 15,
                },
              },
              "ref": null,
              "rendered": Array [
                Object {
                  "instance": null,
                  "key": undefined,
                  "nodeType": "class",
                  "props": Object {
                    "children": <Styled(Text)
                      style={
                        Object {
                          "color": "#FB8C25",
                        }
                      }
                      virtual={undefined}
                    >
                      Send
                    </Styled(Text)>,
                    "onPress": [Function],
                    "style": Object {
                      "backgroundColor": "transparent",
                      "borderRadius": 40,
                      "height": 20,
                    },
                    "virtual": undefined,
                  },
                  "ref": null,
                  "rendered": Object {
                    "instance": null,
                    "key": undefined,
                    "nodeType": "class",
                    "props": Object {
                      "children": "Send",
                      "style": Object {
                        "color": "#FB8C25",
                      },
                      "virtual": undefined,
                    },
                    "ref": null,
                    "rendered": "Send",
                    "type": [Function],
                  },
                  "type": [Function],
                },
                Object {
                  "instance": null,
                  "key": undefined,
                  "nodeType": "class",
                  "props": Object {
                    "children": <Styled(Text)
                      style={
                        Object {
                          "color": "#FB8C25",
                        }
                      }
                      virtual={undefined}
                    >
                      Receive
                    </Styled(Text)>,
                    "onPress": [Function],
                    "style": Object {
                      "backgroundColor": "transparent",
                      "borderRadius": 40,
                      "height": 20,
                    },
                    "virtual": undefined,
                  },
                  "ref": null,
                  "rendered": Object {
                    "instance": null,
                    "key": undefined,
                    "nodeType": "class",
                    "props": Object {
                      "children": "Receive",
                      "style": Object {
                        "color": "#FB8C25",
                      },
                      "virtual": undefined,
                    },
                    "ref": null,
                    "rendered": "Receive",
                    "type": [Function],
                  },
                  "type": [Function],
                },
                Object {
                  "instance": null,
                  "key": undefined,
                  "nodeType": "class",
                  "props": Object {
                    "children": <Styled(Text)
                      style={
                        Object {
                          "color": "#FB8C25",
                        }
                      }
                      virtual={undefined}
                    >
                      Transactions
                    </Styled(Text)>,
                    "onPress": [Function],
                    "style": Object {
                      "backgroundColor": "transparent",
                      "borderRadius": 40,
                      "height": 20,
                    },
                    "virtual": undefined,
                  },
                  "ref": null,
                  "rendered": Object {
                    "instance": null,
                    "key": undefined,
                    "nodeType": "class",
                    "props": Object {
                      "children": "Transactions",
                      "style": Object {
                        "color": "#FB8C25",
                      },
                      "virtual": undefined,
                    },
                    "ref": null,
                    "rendered": "Transactions",
                    "type": [Function],
                  },
                  "type": [Function],
                },
              ],
              "type": [Function],
            },
          ],
          "type": [Function],
        },
      ],
      "type": [Function],
    },
    "type": [Function],
  },
  Symbol(enzyme.__nodes__): Array [
    Object {
      "instance": null,
      "key": undefined,
      "nodeType": "class",
      "props": Object {
        "children": <View
          style={
            Object {
              "alignItems": "stretch",
              "backgroundColor": "white",
              "borderRadius": 15,
              "flex": 1,
              "flexDirection": "row",
              "justifyContent": "flex-start",
            }
          }
        >
          <Image
            resizeMode="contain"
            source={1}
            style={
              Object {
                "marginRight": 5,
                "marginTop": 36,
                "width": 55,
              }
            }
          />
          <View
            style={
              Object {
                "flex": 1,
                "justifyContent": "flex-start",
                "marginLeft": 0,
              }
            }
          >
            <View
              style={
                Object {
                  "flex": 1,
                }
              }
            />
            <Styled(Text)
              style={
                Object {
                  "color": "#929497",
                  "fontSize": 17,
                  "fontWeight": "bold",
                  "marginBottom": 4,
                }
              }
              virtual={undefined}
            >
              Testing Press
            </Styled(Text)>
            <Styled(Text)
              style={
                Object {
                  "color": "#FFCE00",
                  "fontSize": 30,
                }
              }
              virtual={undefined}
            >
              Testing balance
            </Styled(Text)>
            <View
              style={
                Object {
                  "flex": 1,
                }
              }
            />
            <View
              style={
                Object {
                  "flexDirection": "row",
                  "justifyContent": "space-between",
                  "marginBottom": 15,
                  "marginRight": 15,
                }
              }
            >
              <Styled(Button)
                onPress={[Function]}
                style={
                  Object {
                    "backgroundColor": "transparent",
                    "borderRadius": 40,
                    "height": 20,
                  }
                }
                virtual={undefined}
              >
                <Styled(Text)
                  style={
                    Object {
                      "color": "#FB8C25",
                    }
                  }
                  virtual={undefined}
                >
                  Send
                </Styled(Text)>
              </Styled(Button)>
              <Styled(Button)
                onPress={[Function]}
                style={
                  Object {
                    "backgroundColor": "transparent",
                    "borderRadius": 40,
                    "height": 20,
                  }
                }
                virtual={undefined}
              >
                <Styled(Text)
                  style={
                    Object {
                      "color": "#FB8C25",
                    }
                  }
                  virtual={undefined}
                >
                  Receive
                </Styled(Text)>
              </Styled(Button)>
              <Styled(Button)
                onPress={[Function]}
                style={
                  Object {
                    "backgroundColor": "transparent",
                    "borderRadius": 40,
                    "height": 20,
                  }
                }
                virtual={undefined}
              >
                <Styled(Text)
                  style={
                    Object {
                      "color": "#FB8C25",
                    }
                  }
                  virtual={undefined}
                >
                  Transactions
                </Styled(Text)>
              </Styled(Button)>
            </View>
          </View>
        </View>,
        "style": Object {
          "alignItems": "stretch",
          "backgroundColor": "transparent",
          "flex": 1,
          "height": 130,
          "marginTop": 5,
        },
      },
      "ref": null,
      "rendered": Object {
        "instance": null,
        "key": undefined,
        "nodeType": "class",
        "props": Object {
          "children": Array [
            <Image
              resizeMode="contain"
              source={1}
              style={
                Object {
                  "marginRight": 5,
                  "marginTop": 36,
                  "width": 55,
                }
              }
            />,
            <View
              style={
                Object {
                  "flex": 1,
                  "justifyContent": "flex-start",
                  "marginLeft": 0,
                }
              }
            >
              <View
                style={
                  Object {
                    "flex": 1,
                  }
                }
              />
              <Styled(Text)
                style={
                  Object {
                    "color": "#929497",
                    "fontSize": 17,
                    "fontWeight": "bold",
                    "marginBottom": 4,
                  }
                }
                virtual={undefined}
              >
                Testing Press
              </Styled(Text)>
              <Styled(Text)
                style={
                  Object {
                    "color": "#FFCE00",
                    "fontSize": 30,
                  }
                }
                virtual={undefined}
              >
                Testing balance
              </Styled(Text)>
              <View
                style={
                  Object {
                    "flex": 1,
                  }
                }
              />
              <View
                style={
                  Object {
                    "flexDirection": "row",
                    "justifyContent": "space-between",
                    "marginBottom": 15,
                    "marginRight": 15,
                  }
                }
              >
                <Styled(Button)
                  onPress={[Function]}
                  style={
                    Object {
                      "backgroundColor": "transparent",
                      "borderRadius": 40,
                      "height": 20,
                    }
                  }
                  virtual={undefined}
                >
                  <Styled(Text)
                    style={
                      Object {
                        "color": "#FB8C25",
                      }
                    }
                    virtual={undefined}
                  >
                    Send
                  </Styled(Text)>
                </Styled(Button)>
                <Styled(Button)
                  onPress={[Function]}
                  style={
                    Object {
                      "backgroundColor": "transparent",
                      "borderRadius": 40,
                      "height": 20,
                    }
                  }
                  virtual={undefined}
                >
                  <Styled(Text)
                    style={
                      Object {
                        "color": "#FB8C25",
                      }
                    }
                    virtual={undefined}
                  >
                    Receive
                  </Styled(Text)>
                </Styled(Button)>
                <Styled(Button)
                  onPress={[Function]}
                  style={
                    Object {
                      "backgroundColor": "transparent",
                      "borderRadius": 40,
                      "height": 20,
                    }
                  }
                  virtual={undefined}
                >
                  <Styled(Text)
                    style={
                      Object {
                        "color": "#FB8C25",
                      }
                    }
                    virtual={undefined}
                  >
                    Transactions
                  </Styled(Text)>
                </Styled(Button)>
              </View>
            </View>,
          ],
          "style": Object {
            "alignItems": "stretch",
            "backgroundColor": "white",
            "borderRadius": 15,
            "flex": 1,
            "flexDirection": "row",
            "justifyContent": "flex-start",
          },
        },
        "ref": null,
        "rendered": Array [
          Object {
            "instance": null,
            "key": undefined,
            "nodeType": "class",
            "props": Object {
              "resizeMode": "contain",
              "source": 1,
              "style": Object {
                "marginRight": 5,
                "marginTop": 36,
                "width": 55,
              },
            },
            "ref": null,
            "rendered": null,
            "type": [Function],
          },
          Object {
            "instance": null,
            "key": undefined,
            "nodeType": "class",
            "props": Object {
              "children": Array [
                <View
                  style={
                    Object {
                      "flex": 1,
                    }
                  }
                />,
                <Styled(Text)
                  style={
                    Object {
                      "color": "#929497",
                      "fontSize": 17,
                      "fontWeight": "bold",
                      "marginBottom": 4,
                    }
                  }
                  virtual={undefined}
                >
                  Testing Press
                </Styled(Text)>,
                <Styled(Text)
                  style={
                    Object {
                      "color": "#FFCE00",
                      "fontSize": 30,
                    }
                  }
                  virtual={undefined}
                >
                  Testing balance
                </Styled(Text)>,
                <View
                  style={
                    Object {
                      "flex": 1,
                    }
                  }
                />,
                <View
                  style={
                    Object {
                      "flexDirection": "row",
                      "justifyContent": "space-between",
                      "marginBottom": 15,
                      "marginRight": 15,
                    }
                  }
                >
                  <Styled(Button)
                    onPress={[Function]}
                    style={
                      Object {
                        "backgroundColor": "transparent",
                        "borderRadius": 40,
                        "height": 20,
                      }
                    }
                    virtual={undefined}
                  >
                    <Styled(Text)
                      style={
                        Object {
                          "color": "#FB8C25",
                        }
                      }
                      virtual={undefined}
                    >
                      Send
                    </Styled(Text)>
                  </Styled(Button)>
                  <Styled(Button)
                    onPress={[Function]}
                    style={
                      Object {
                        "backgroundColor": "transparent",
                        "borderRadius": 40,
                        "height": 20,
                      }
                    }
                    virtual={undefined}
                  >
                    <Styled(Text)
                      style={
                        Object {
                          "color": "#FB8C25",
                        }
                      }
                      virtual={undefined}
                    >
                      Receive
                    </Styled(Text)>
                  </Styled(Button)>
                  <Styled(Button)
                    onPress={[Function]}
                    style={
                      Object {
                        "backgroundColor": "transparent",
                        "borderRadius": 40,
                        "height": 20,
                      }
                    }
                    virtual={undefined}
                  >
                    <Styled(Text)
                      style={
                        Object {
                          "color": "#FB8C25",
                        }
                      }
                      virtual={undefined}
                    >
                      Transactions
                    </Styled(Text)>
                  </Styled(Button)>
                </View>,
              ],
              "style": Object {
                "flex": 1,
                "justifyContent": "flex-start",
                "marginLeft": 0,
              },
            },
            "ref": null,
            "rendered": Array [
              Object {
                "instance": null,
                "key": undefined,
                "nodeType": "class",
                "props": Object {
                  "style": Object {
                    "flex": 1,
                  },
                },
                "ref": null,
                "rendered": null,
                "type": [Function],
              },
              Object {
                "instance": null,
                "key": undefined,
                "nodeType": "class",
                "props": Object {
                  "children": "Testing Press",
                  "style": Object {
                    "color": "#929497",
                    "fontSize": 17,
                    "fontWeight": "bold",
                    "marginBottom": 4,
                  },
                  "virtual": undefined,
                },
                "ref": null,
                "rendered": "Testing Press",
                "type": [Function],
              },
              Object {
                "instance": null,
                "key": undefined,
                "nodeType": "class",
                "props": Object {
                  "children": "Testing balance",
                  "style": Object {
                    "color": "#FFCE00",
                    "fontSize": 30,
                  },
                  "virtual": undefined,
                },
                "ref": null,
                "rendered": "Testing balance",
                "type": [Function],
              },
              Object {
                "instance": null,
                "key": undefined,
                "nodeType": "class",
                "props": Object {
                  "style": Object {
                    "flex": 1,
                  },
                },
                "ref": null,
                "rendered": null,
                "type": [Function],
              },
              Object {
                "instance": null,
                "key": undefined,
                "nodeType": "class",
                "props": Object {
                  "children": Array [
                    <Styled(Button)
                      onPress={[Function]}
                      style={
                        Object {
                          "backgroundColor": "transparent",
                          "borderRadius": 40,
                          "height": 20,
                        }
                      }
                      virtual={undefined}
                    >
                      <Styled(Text)
                        style={
                          Object {
                            "color": "#FB8C25",
                          }
                        }
                        virtual={undefined}
                      >
                        Send
                      </Styled(Text)>
                    </Styled(Button)>,
                    <Styled(Button)
                      onPress={[Function]}
                      style={
                        Object {
                          "backgroundColor": "transparent",
                          "borderRadius": 40,
                          "height": 20,
                        }
                      }
                      virtual={undefined}
                    >
                      <Styled(Text)
                        style={
                          Object {
                            "color": "#FB8C25",
                          }
                        }
                        virtual={undefined}
                      >
                        Receive
                      </Styled(Text)>
                    </Styled(Button)>,
                    <Styled(Button)
                      onPress={[Function]}
                      style={
                        Object {
                          "backgroundColor": "transparent",
                          "borderRadius": 40,
                          "height": 20,
                        }
                      }
                      virtual={undefined}
                    >
                      <Styled(Text)
                        style={
                          Object {
                            "color": "#FB8C25",
                          }
                        }
                        virtual={undefined}
                      >
                        Transactions
                      </Styled(Text)>
                    </Styled(Button)>,
                  ],
                  "style": Object {
                    "flexDirection": "row",
                    "justifyContent": "space-between",
                    "marginBottom": 15,
                    "marginRight": 15,
                  },
                },
                "ref": null,
                "rendered": Array [
                  Object {
                    "instance": null,
                    "key": undefined,
                    "nodeType": "class",
                    "props": Object {
                      "children": <Styled(Text)
                        style={
                          Object {
                            "color": "#FB8C25",
                          }
                        }
                        virtual={undefined}
                      >
                        Send
                      </Styled(Text)>,
                      "onPress": [Function],
                      "style": Object {
                        "backgroundColor": "transparent",
                        "borderRadius": 40,
                        "height": 20,
                      },
                      "virtual": undefined,
                    },
                    "ref": null,
                    "rendered": Object {
                      "instance": null,
                      "key": undefined,
                      "nodeType": "class",
                      "props": Object {
                        "children": "Send",
                        "style": Object {
                          "color": "#FB8C25",
                        },
                        "virtual": undefined,
                      },
                      "ref": null,
                      "rendered": "Send",
                      "type": [Function],
                    },
                    "type": [Function],
                  },
                  Object {
                    "instance": null,
                    "key": undefined,
                    "nodeType": "class",
                    "props": Object {
                      "children": <Styled(Text)
                        style={
                          Object {
                            "color": "#FB8C25",
                          }
                        }
                        virtual={undefined}
                      >
                        Receive
                      </Styled(Text)>,
                      "onPress": [Function],
                      "style": Object {
                        "backgroundColor": "transparent",
                        "borderRadius": 40,
                        "height": 20,
                      },
                      "virtual": undefined,
                    },
                    "ref": null,
                    "rendered": Object {
                      "instance": null,
                      "key": undefined,
                      "nodeType": "class",
                      "props": Object {
                        "children": "Receive",
                        "style": Object {
                          "color": "#FB8C25",
                        },
                        "virtual": undefined,
                      },
                      "ref": null,
                      "rendered": "Receive",
                      "type": [Function],
                    },
                    "type": [Function],
                  },
                  Object {
                    "instance": null,
                    "key": undefined,
                    "nodeType": "class",
                    "props": Object {
                      "children": <Styled(Text)
                        style={
                          Object {
                            "color": "#FB8C25",
                          }
                        }
                        virtual={undefined}
                      >
                        Transactions
                      </Styled(Text)>,
                      "onPress": [Function],
                      "style": Object {
                        "backgroundColor": "transparent",
                        "borderRadius": 40,
                        "height": 20,
                      },
                      "virtual": undefined,
                    },
                    "ref": null,
                    "rendered": Object {
                      "instance": null,
                      "key": undefined,
                      "nodeType": "class",
                      "props": Object {
                        "children": "Transactions",
                        "style": Object {
                          "color": "#FB8C25",
                        },
                        "virtual": undefined,
                      },
                      "ref": null,
                      "rendered": "Transactions",
                      "type": [Function],
                    },
                    "type": [Function],
                  },
                ],
                "type": [Function],
              },
            ],
            "type": [Function],
          },
        ],
        "type": [Function],
      },
      "type": [Function],
    },
  ],
  Symbol(enzyme.__options__): Object {
    "adapter": ReactSixteenAdapter {
      "options": Object {
        "enableComponentDidUpdateOnSetState": true,
      },
    },
  },
}
`;

exports[`WalletCard component tests Rendering 1`] = `
<View
  style={
    Object {
      "alignItems": "stretch",
      "backgroundColor": "transparent",
      "flex": 1,
      "height": 130,
      "marginTop": 5,
    }
  }
>
  <View
    style={
      Object {
        "alignItems": "stretch",
        "backgroundColor": "white",
        "borderRadius": 15,
        "flex": 1,
        "flexDirection": "row",
        "justifyContent": "flex-start",
      }
    }
  >
    <Image
      resizeMode="contain"
      source={1}
      style={
        Object {
          "marginRight": 5,
          "marginTop": 36,
          "width": 55,
        }
      }
    />
    <View
      style={
        Object {
          "flex": 1,
          "justifyContent": "flex-start",
          "marginLeft": 0,
        }
      }
    >
      <View
        style={
          Object {
            "flex": 1,
          }
        }
      />
      <Text
        accessible={true}
        allowFontScaling={true}
        ellipsizeMode="tail"
        style={
          Array [
            Object {
              "color": "#000",
              "fontFamily": "System",
              "fontSize": 16,
            },
            Object {
              "color": "#929497",
              "fontSize": 17,
              "fontWeight": "bold",
              "marginBottom": 4,
            },
          ]
        }
        uppercase={false}
        virtual={undefined}
      >
        Testing Wallet
      </Text>
      <Text
        accessible={true}
        allowFontScaling={true}
        ellipsizeMode="tail"
        style={
          Array [
            Object {
              "color": "#000",
              "fontFamily": "System",
              "fontSize": 16,
            },
            Object {
              "color": "#FFCE00",
              "fontSize": 30,
            },
          ]
        }
        uppercase={false}
        virtual={undefined}
      >
        Testing Balance
      </Text>
      <View
        style={
          Object {
            "flex": 1,
          }
        }
      />
      <View
        style={
          Object {
            "flexDirection": "row",
            "justifyContent": "space-between",
            "marginBottom": 15,
            "marginRight": 15,
          }
        }
      >
        <View
          accessibilityComponentType={undefined}
          accessibilityLabel={undefined}
          accessibilityTraits={undefined}
          accessible={true}
          collapsable={undefined}
          hasTVPreferredFocus={undefined}
          hitSlop={undefined}
          isTVSelectable={true}
          nativeID={undefined}
          onLayout={undefined}
          onResponderGrant={[Function]}
          onResponderMove={[Function]}
          onResponderRelease={[Function]}
          onResponderTerminate={[Function]}
          onResponderTerminationRequest={[Function]}
          onStartShouldSetResponder={[Function]}
          style={
            Object {
              "alignItems": "center",
              "alignSelf": "flex-start",
              "backgroundColor": "transparent",
              "borderBottomWidth": null,
              "borderColor": "#007aff",
              "borderLeftWidth": null,
              "borderRadius": 40,
              "borderRightWidth": null,
              "borderTopWidth": null,
              "borderWidth": undefined,
              "elevation": 2,
              "flexDirection": "row",
              "height": 20,
              "justifyContent": "space-between",
              "opacity": 1,
              "paddingBottom": 6,
              "paddingTop": 6,
              "shadowColor": undefined,
              "shadowOffset": undefined,
              "shadowOpacity": undefined,
              "shadowRadius": undefined,
            }
          }
          testID={undefined}
          tvParallaxProperties={undefined}
        >
          <Text
            accessible={true}
            allowFontScaling={true}
            ellipsizeMode="tail"
            style={
              Array [
                Object {
                  "backgroundColor": "transparent",
                  "color": "#fff",
                  "fontFamily": "System",
                  "fontSize": 16.5,
                  "marginLeft": 0,
                  "marginRight": 0,
                  "paddingLeft": 16,
                  "paddingRight": 16,
                },
                Object {
                  "color": "#FB8C25",
                },
              ]
            }
            uppercase={false}
            virtual={undefined}
          >
            Send
          </Text>
        </View>
        <View
          accessibilityComponentType={undefined}
          accessibilityLabel={undefined}
          accessibilityTraits={undefined}
          accessible={true}
          collapsable={undefined}
          hasTVPreferredFocus={undefined}
          hitSlop={undefined}
          isTVSelectable={true}
          nativeID={undefined}
          onLayout={undefined}
          onResponderGrant={[Function]}
          onResponderMove={[Function]}
          onResponderRelease={[Function]}
          onResponderTerminate={[Function]}
          onResponderTerminationRequest={[Function]}
          onStartShouldSetResponder={[Function]}
          style={
            Object {
              "alignItems": "center",
              "alignSelf": "flex-start",
              "backgroundColor": "transparent",
              "borderBottomWidth": null,
              "borderColor": "#007aff",
              "borderLeftWidth": null,
              "borderRadius": 40,
              "borderRightWidth": null,
              "borderTopWidth": null,
              "borderWidth": undefined,
              "elevation": 2,
              "flexDirection": "row",
              "height": 20,
              "justifyContent": "space-between",
              "opacity": 1,
              "paddingBottom": 6,
              "paddingTop": 6,
              "shadowColor": undefined,
              "shadowOffset": undefined,
              "shadowOpacity": undefined,
              "shadowRadius": undefined,
            }
          }
          testID={undefined}
          tvParallaxProperties={undefined}
        >
          <Text
            accessible={true}
            allowFontScaling={true}
            ellipsizeMode="tail"
            style={
              Array [
                Object {
                  "backgroundColor": "transparent",
                  "color": "#fff",
                  "fontFamily": "System",
                  "fontSize": 16.5,
                  "marginLeft": 0,
                  "marginRight": 0,
                  "paddingLeft": 16,
                  "paddingRight": 16,
                },
                Object {
                  "color": "#FB8C25",
                },
              ]
            }
            uppercase={false}
            virtual={undefined}
          >
            Receive
          </Text>
        </View>
        <View
          accessibilityComponentType={undefined}
          accessibilityLabel={undefined}
          accessibilityTraits={undefined}
          accessible={true}
          collapsable={undefined}
          hasTVPreferredFocus={undefined}
          hitSlop={undefined}
          isTVSelectable={true}
          nativeID={undefined}
          onLayout={undefined}
          onResponderGrant={[Function]}
          onResponderMove={[Function]}
          onResponderRelease={[Function]}
          onResponderTerminate={[Function]}
          onResponderTerminationRequest={[Function]}
          onStartShouldSetResponder={[Function]}
          style={
            Object {
              "alignItems": "center",
              "alignSelf": "flex-start",
              "backgroundColor": "transparent",
              "borderBottomWidth": null,
              "borderColor": "#007aff",
              "borderLeftWidth": null,
              "borderRadius": 40,
              "borderRightWidth": null,
              "borderTopWidth": null,
              "borderWidth": undefined,
              "elevation": 2,
              "flexDirection": "row",
              "height": 20,
              "justifyContent": "space-between",
              "opacity": 1,
              "paddingBottom": 6,
              "paddingTop": 6,
              "shadowColor": undefined,
              "shadowOffset": undefined,
              "shadowOpacity": undefined,
              "shadowRadius": undefined,
            }
          }
          testID={undefined}
          tvParallaxProperties={undefined}
        >
          <Text
            accessible={true}
            allowFontScaling={true}
            ellipsizeMode="tail"
            style={
              Array [
                Object {
                  "backgroundColor": "transparent",
                  "color": "#fff",
                  "fontFamily": "System",
                  "fontSize": 16.5,
                  "marginLeft": 0,
                  "marginRight": 0,
                  "paddingLeft": 16,
                  "paddingRight": 16,
                },
                Object {
                  "color": "#FB8C25",
                },
              ]
            }
            uppercase={false}
            virtual={undefined}
          >
            Transactions
          </Text>
        </View>
      </View>
    </View>
  </View>
</View>
`;
