// Jest Snapshot v1, https://goo.gl/fbAQLP

exports[`BodyParagraph renders correctly 1`] = `
<View
  style={
    Object {
      "paddingBottom": 16,
    }
  }
>
  <Text
    accessible={true}
    allowFontScaling={true}
    ellipsizeMode="tail"
    style={
      Object {
        "color": "#929497",
        "fontFamily": "Roboto",
        "fontSize": 17,
        "fontWeight": "normal",
        "letterSpacing": 0,
        "lineHeight": 22,
      }
    }
  >
    Test text
  </Text>
</View>
`;
