// Jest Snapshot v1, https://goo.gl/fbAQLP

exports[`ItemsListHeader renders correctly 1`] = `
<View
  style={
    Object {
      "alignItems": "center",
      "backgroundColor": "#e5e5e5",
      "flexDirection": "row",
      "justifyContent": "center",
      "paddingVertical": 15,
      "shadowColor": "#58595B",
      "shadowOffset": Object {
        "height": 1,
        "width": 0,
      },
      "shadowOpacity": 0.8,
      "shadowRadius": 3,
    }
  }
>
  <Text
    accessible={true}
    allowFontScaling={true}
    ellipsizeMode="tail"
    style={
      Object {
        "color": "gray",
        "flex": 1,
        "fontFamily": "Roboto",
        "fontSize": 20,
        "fontWeight": "bold",
        "letterSpacing": 0,
        "lineHeight": 22,
        "marginLeft": 16,
      }
    }
  >
    Test header title
  </Text>
</View>
`;
