// Jest Snapshot v1, https://goo.gl/fbAQLP

exports[`NationListHeader renders correctly 1`] = `
<View
  style={
    Object {
      "alignItems": "center",
      "backgroundColor": "#3a3a3a",
      "flex": 1,
      "flexDirection": "row",
      "height": 30,
      "justifyContent": "center",
    }
  }
>
  <Text
    accessible={true}
    allowFontScaling={true}
    ellipsizeMode="tail"
    style={
      Object {
        "color": "white",
        "flex": 1,
        "fontFamily": "Roboto",
        "fontSize": 17,
        "fontWeight": "normal",
        "letterSpacing": 0,
        "lineHeight": 22,
        "marginLeft": 15,
      }
    }
  >
    Test header title
  </Text>
</View>
`;
