// Jest Snapshot v1, https://goo.gl/fbAQLP

exports[`PanelViewAlert tests Rendering With title and button 1`] = `
ShallowWrapper {
  "length": 1,
  Symbol(enzyme.__root__): [Circular],
  Symbol(enzyme.__unrendered__): <PanelViewAlert
    status="Test panel status"
  />,
  Symbol(enzyme.__renderer__): Object {
    "batchedUpdates": [Function],
    "getNode": [Function],
    "render": [Function],
    "simulateEvent": [Function],
    "unmount": [Function],
  },
  Symbol(enzyme.__node__): Object {
    "instance": null,
    "key": undefined,
    "nodeType": "class",
    "props": Object {
      "children": Array [
        <Text
          accessible={true}
          allowFontScaling={true}
          ellipsizeMode="tail"
          style={
            Object {
              "color": "#F5A623",
              "fontFamily": "Roboto",
              "fontSize": 13,
              "fontWeight": "bold",
              "letterSpacing": 0,
              "lineHeight": 22,
            }
          }
        >
          Status:
        </Text>,
        <Text
          accessible={true}
          allowFontScaling={true}
          ellipsizeMode="tail"
          style={
            Object {
              "color": "#F5A623",
              "fontFamily": "Roboto",
              "fontSize": 13,
              "fontWeight": "normal",
              "letterSpacing": 0,
              "lineHeight": 22,
            }
          }
        >
          Test panel status
        </Text>,
      ],
      "style": Object {
        "backgroundColor": "rgba(245, 166, 35, 0.2)",
        "borderRadius": 8,
        "flexDirection": "row",
        "marginBottom": 4,
        "marginLeft": 0,
        "marginRight": 0,
        "marginTop": 4,
        "overflow": "hidden",
        "padding": 5,
        "paddingLeft": 10,
      },
    },
    "ref": null,
    "rendered": Array [
      Object {
        "instance": null,
        "key": undefined,
        "nodeType": "class",
        "props": Object {
          "accessible": true,
          "allowFontScaling": true,
          "children": "Status:",
          "ellipsizeMode": "tail",
          "style": Object {
            "color": "#F5A623",
            "fontFamily": "Roboto",
            "fontSize": 13,
            "fontWeight": "bold",
            "letterSpacing": 0,
            "lineHeight": 22,
          },
        },
        "ref": null,
        "rendered": "Status:",
        "type": [Function],
      },
      Object {
        "instance": null,
        "key": undefined,
        "nodeType": "class",
        "props": Object {
          "accessible": true,
          "allowFontScaling": true,
          "children": "Test panel status",
          "ellipsizeMode": "tail",
          "style": Object {
            "color": "#F5A623",
            "fontFamily": "Roboto",
            "fontSize": 13,
            "fontWeight": "normal",
            "letterSpacing": 0,
            "lineHeight": 22,
          },
        },
        "ref": null,
        "rendered": "Test panel status",
        "type": [Function],
      },
    ],
    "type": [Function],
  },
  Symbol(enzyme.__nodes__): Array [
    Object {
      "instance": null,
      "key": undefined,
      "nodeType": "class",
      "props": Object {
        "children": Array [
          <Text
            accessible={true}
            allowFontScaling={true}
            ellipsizeMode="tail"
            style={
              Object {
                "color": "#F5A623",
                "fontFamily": "Roboto",
                "fontSize": 13,
                "fontWeight": "bold",
                "letterSpacing": 0,
                "lineHeight": 22,
              }
            }
          >
            Status:
          </Text>,
          <Text
            accessible={true}
            allowFontScaling={true}
            ellipsizeMode="tail"
            style={
              Object {
                "color": "#F5A623",
                "fontFamily": "Roboto",
                "fontSize": 13,
                "fontWeight": "normal",
                "letterSpacing": 0,
                "lineHeight": 22,
              }
            }
          >
            Test panel status
          </Text>,
        ],
        "style": Object {
          "backgroundColor": "rgba(245, 166, 35, 0.2)",
          "borderRadius": 8,
          "flexDirection": "row",
          "marginBottom": 4,
          "marginLeft": 0,
          "marginRight": 0,
          "marginTop": 4,
          "overflow": "hidden",
          "padding": 5,
          "paddingLeft": 10,
        },
      },
      "ref": null,
      "rendered": Array [
        Object {
          "instance": null,
          "key": undefined,
          "nodeType": "class",
          "props": Object {
            "accessible": true,
            "allowFontScaling": true,
            "children": "Status:",
            "ellipsizeMode": "tail",
            "style": Object {
              "color": "#F5A623",
              "fontFamily": "Roboto",
              "fontSize": 13,
              "fontWeight": "bold",
              "letterSpacing": 0,
              "lineHeight": 22,
            },
          },
          "ref": null,
          "rendered": "Status:",
          "type": [Function],
        },
        Object {
          "instance": null,
          "key": undefined,
          "nodeType": "class",
          "props": Object {
            "accessible": true,
            "allowFontScaling": true,
            "children": "Test panel status",
            "ellipsizeMode": "tail",
            "style": Object {
              "color": "#F5A623",
              "fontFamily": "Roboto",
              "fontSize": 13,
              "fontWeight": "normal",
              "letterSpacing": 0,
              "lineHeight": 22,
            },
          },
          "ref": null,
          "rendered": "Test panel status",
          "type": [Function],
        },
      ],
      "type": [Function],
    },
  ],
  Symbol(enzyme.__options__): Object {
    "adapter": ReactSixteenAdapter {
      "options": Object {
        "enableComponentDidUpdateOnSetState": true,
      },
    },
  },
}
`;
