// Jest Snapshot v1, https://goo.gl/fbAQLP

exports[`VerifyKeySuccess renders correctly 1`] = `
ShallowWrapper {
  "length": 1,
  Symbol(enzyme.__root__): [Circular],
  Symbol(enzyme.__unrendered__): <VerifyKeySuccess
    navigator={
      Object {
        "push": [MockFunction],
        "setOnNavigatorEvent": [MockFunction] {
          "calls": Array [
            Array [
              [Function],
            ],
          ],
        },
      }
    }
  />,
  Symbol(enzyme.__renderer__): Object {
    "batchedUpdates": [Function],
    "getNode": [Function],
    "render": [Function],
    "simulateEvent": [Function],
    "unmount": [Function],
  },
  Symbol(enzyme.__node__): Object {
    "instance": null,
    "key": undefined,
    "nodeType": "class",
    "props": Object {
      "children": Array [
        <BackgroundImage
          source={
            Object {
              "testUri": "../../../src/assets/images/background.jpg",
            }
          }
          style={undefined}
        />,
        <FakeNavigationBar
          navBarHidden={false}
        />,
        <View
          style={
            Object {
              "alignContent": "flex-start",
              "flex": 1,
              "flexDirection": "column",
              "justifyContent": "flex-start",
              "marginLeft": 8,
              "marginRight": 8,
            }
          }
        >
          <PanelView
            buttonTitle="Done"
            childrenContainerStyle={
              Object {
                "flex": 0,
              }
            }
            onButtonClick={[Function]}
            style={
              Object {
                "backgroundColor": "transparent",
                "borderRadius": 8,
                "flexDirection": "column",
                "justifyContent": "space-between",
                "marginBottom": 8,
                "marginLeft": 0,
                "marginRight": 0,
                "marginTop": 8,
                "paddingBottom": 4,
                "paddingLeft": 8,
                "paddingRight": 8,
                "paddingTop": 4,
              }
            }
            titleStyle={
              Object {
                "color": "white",
                "fontFamily": "Roboto",
                "fontSize": 22,
                "fontWeight": "bold",
                "letterSpacing": 0,
                "lineHeight": 28,
                "textAlign": "left",
              }
            }
          >
            <BodyParagraphs
              paragraphs={
                Array [
                  "Congratulations! You correctly entered your private key.",
                  "Now, put your paper with your private key in a safe place.",
                ]
              }
            />
          </PanelView>
        </View>,
      ],
      "style": Object {
        "alignItems": "stretch",
        "flex": 1,
        "flexDirection": "column",
        "justifyContent": "space-between",
      },
    },
    "ref": null,
    "rendered": Array [
      Object {
        "instance": null,
        "key": undefined,
        "nodeType": "function",
        "props": Object {
          "source": Object {
            "testUri": "../../../src/assets/images/background.jpg",
          },
          "style": undefined,
        },
        "ref": null,
        "rendered": null,
        "type": [Function],
      },
      Object {
        "instance": null,
        "key": undefined,
        "nodeType": "function",
        "props": Object {
          "navBarHidden": false,
        },
        "ref": null,
        "rendered": null,
        "type": [Function],
      },
      Object {
        "instance": null,
        "key": undefined,
        "nodeType": "class",
        "props": Object {
          "children": <PanelView
            buttonTitle="Done"
            childrenContainerStyle={
              Object {
                "flex": 0,
              }
            }
            onButtonClick={[Function]}
            style={
              Object {
                "backgroundColor": "transparent",
                "borderRadius": 8,
                "flexDirection": "column",
                "justifyContent": "space-between",
                "marginBottom": 8,
                "marginLeft": 0,
                "marginRight": 0,
                "marginTop": 8,
                "paddingBottom": 4,
                "paddingLeft": 8,
                "paddingRight": 8,
                "paddingTop": 4,
              }
            }
            titleStyle={
              Object {
                "color": "white",
                "fontFamily": "Roboto",
                "fontSize": 22,
                "fontWeight": "bold",
                "letterSpacing": 0,
                "lineHeight": 28,
                "textAlign": "left",
              }
            }
          >
            <BodyParagraphs
              paragraphs={
                Array [
                  "Congratulations! You correctly entered your private key.",
                  "Now, put your paper with your private key in a safe place.",
                ]
              }
            />
          </PanelView>,
          "style": Object {
            "alignContent": "flex-start",
            "flex": 1,
            "flexDirection": "column",
            "justifyContent": "flex-start",
            "marginLeft": 8,
            "marginRight": 8,
          },
        },
        "ref": null,
        "rendered": Object {
          "instance": null,
          "key": undefined,
          "nodeType": "class",
          "props": Object {
            "buttonTitle": "Done",
            "children": <BodyParagraphs
              paragraphs={
                Array [
                  "Congratulations! You correctly entered your private key.",
                  "Now, put your paper with your private key in a safe place.",
                ]
              }
            />,
            "childrenContainerStyle": Object {
              "flex": 0,
            },
            "onButtonClick": [Function],
            "style": Object {
              "backgroundColor": "transparent",
              "borderRadius": 8,
              "flexDirection": "column",
              "justifyContent": "space-between",
              "marginBottom": 8,
              "marginLeft": 0,
              "marginRight": 0,
              "marginTop": 8,
              "paddingBottom": 4,
              "paddingLeft": 8,
              "paddingRight": 8,
              "paddingTop": 4,
            },
            "titleStyle": Object {
              "color": "white",
              "fontFamily": "Roboto",
              "fontSize": 22,
              "fontWeight": "bold",
              "letterSpacing": 0,
              "lineHeight": 28,
              "textAlign": "left",
            },
          },
          "ref": null,
          "rendered": Object {
            "instance": null,
            "key": undefined,
            "nodeType": "function",
            "props": Object {
              "paragraphs": Array [
                "Congratulations! You correctly entered your private key.",
                "Now, put your paper with your private key in a safe place.",
              ],
            },
            "ref": null,
            "rendered": null,
            "type": [Function],
          },
          "type": [Function],
        },
        "type": [Function],
      },
    ],
    "type": [Function],
  },
  Symbol(enzyme.__nodes__): Array [
    Object {
      "instance": null,
      "key": undefined,
      "nodeType": "class",
      "props": Object {
        "children": Array [
          <BackgroundImage
            source={
              Object {
                "testUri": "../../../src/assets/images/background.jpg",
              }
            }
            style={undefined}
          />,
          <FakeNavigationBar
            navBarHidden={false}
          />,
          <View
            style={
              Object {
                "alignContent": "flex-start",
                "flex": 1,
                "flexDirection": "column",
                "justifyContent": "flex-start",
                "marginLeft": 8,
                "marginRight": 8,
              }
            }
          >
            <PanelView
              buttonTitle="Done"
              childrenContainerStyle={
                Object {
                  "flex": 0,
                }
              }
              onButtonClick={[Function]}
              style={
                Object {
                  "backgroundColor": "transparent",
                  "borderRadius": 8,
                  "flexDirection": "column",
                  "justifyContent": "space-between",
                  "marginBottom": 8,
                  "marginLeft": 0,
                  "marginRight": 0,
                  "marginTop": 8,
                  "paddingBottom": 4,
                  "paddingLeft": 8,
                  "paddingRight": 8,
                  "paddingTop": 4,
                }
              }
              titleStyle={
                Object {
                  "color": "white",
                  "fontFamily": "Roboto",
                  "fontSize": 22,
                  "fontWeight": "bold",
                  "letterSpacing": 0,
                  "lineHeight": 28,
                  "textAlign": "left",
                }
              }
            >
              <BodyParagraphs
                paragraphs={
                  Array [
                    "Congratulations! You correctly entered your private key.",
                    "Now, put your paper with your private key in a safe place.",
                  ]
                }
              />
            </PanelView>
          </View>,
        ],
        "style": Object {
          "alignItems": "stretch",
          "flex": 1,
          "flexDirection": "column",
          "justifyContent": "space-between",
        },
      },
      "ref": null,
      "rendered": Array [
        Object {
          "instance": null,
          "key": undefined,
          "nodeType": "function",
          "props": Object {
            "source": Object {
              "testUri": "../../../src/assets/images/background.jpg",
            },
            "style": undefined,
          },
          "ref": null,
          "rendered": null,
          "type": [Function],
        },
        Object {
          "instance": null,
          "key": undefined,
          "nodeType": "function",
          "props": Object {
            "navBarHidden": false,
          },
          "ref": null,
          "rendered": null,
          "type": [Function],
        },
        Object {
          "instance": null,
          "key": undefined,
          "nodeType": "class",
          "props": Object {
            "children": <PanelView
              buttonTitle="Done"
              childrenContainerStyle={
                Object {
                  "flex": 0,
                }
              }
              onButtonClick={[Function]}
              style={
                Object {
                  "backgroundColor": "transparent",
                  "borderRadius": 8,
                  "flexDirection": "column",
                  "justifyContent": "space-between",
                  "marginBottom": 8,
                  "marginLeft": 0,
                  "marginRight": 0,
                  "marginTop": 8,
                  "paddingBottom": 4,
                  "paddingLeft": 8,
                  "paddingRight": 8,
                  "paddingTop": 4,
                }
              }
              titleStyle={
                Object {
                  "color": "white",
                  "fontFamily": "Roboto",
                  "fontSize": 22,
                  "fontWeight": "bold",
                  "letterSpacing": 0,
                  "lineHeight": 28,
                  "textAlign": "left",
                }
              }
            >
              <BodyParagraphs
                paragraphs={
                  Array [
                    "Congratulations! You correctly entered your private key.",
                    "Now, put your paper with your private key in a safe place.",
                  ]
                }
              />
            </PanelView>,
            "style": Object {
              "alignContent": "flex-start",
              "flex": 1,
              "flexDirection": "column",
              "justifyContent": "flex-start",
              "marginLeft": 8,
              "marginRight": 8,
            },
          },
          "ref": null,
          "rendered": Object {
            "instance": null,
            "key": undefined,
            "nodeType": "class",
            "props": Object {
              "buttonTitle": "Done",
              "children": <BodyParagraphs
                paragraphs={
                  Array [
                    "Congratulations! You correctly entered your private key.",
                    "Now, put your paper with your private key in a safe place.",
                  ]
                }
              />,
              "childrenContainerStyle": Object {
                "flex": 0,
              },
              "onButtonClick": [Function],
              "style": Object {
                "backgroundColor": "transparent",
                "borderRadius": 8,
                "flexDirection": "column",
                "justifyContent": "space-between",
                "marginBottom": 8,
                "marginLeft": 0,
                "marginRight": 0,
                "marginTop": 8,
                "paddingBottom": 4,
                "paddingLeft": 8,
                "paddingRight": 8,
                "paddingTop": 4,
              },
              "titleStyle": Object {
                "color": "white",
                "fontFamily": "Roboto",
                "fontSize": 22,
                "fontWeight": "bold",
                "letterSpacing": 0,
                "lineHeight": 28,
                "textAlign": "left",
              },
            },
            "ref": null,
            "rendered": Object {
              "instance": null,
              "key": undefined,
              "nodeType": "function",
              "props": Object {
                "paragraphs": Array [
                  "Congratulations! You correctly entered your private key.",
                  "Now, put your paper with your private key in a safe place.",
                ],
              },
              "ref": null,
              "rendered": null,
              "type": [Function],
            },
            "type": [Function],
          },
          "type": [Function],
        },
      ],
      "type": [Function],
    },
  ],
  Symbol(enzyme.__options__): Object {
    "adapter": ReactSixteenAdapter {
      "options": Object {
        "enableComponentDidUpdateOnSetState": true,
      },
    },
  },
}
`;
