// Jest Snapshot v1, https://goo.gl/fbAQLP

exports[`AccountAccessListScreen renders correctly 1`] = `
ShallowWrapper {
  "length": 1,
  Symbol(enzyme.__root__): [Circular],
  Symbol(enzyme.__unrendered__): <AccountAccessListScreen
    navigator={
      Object {
        "pop": [MockFunction],
        "push": [MockFunction],
        "setButtons": [MockFunction],
        "setOnNavigatorEvent": [MockFunction],
      }
    }
    store={
      Object {
        "clearActions": [Function],
        "dispatch": [Function],
        "getActions": [Function],
        "getState": [Function],
        "replaceReducer": [Function],
        "subscribe": [Function],
      }
    }
  />,
  Symbol(enzyme.__renderer__): Object {
    "batchedUpdates": [Function],
    "getNode": [Function],
    "render": [Function],
    "simulateEvent": [Function],
    "unmount": [Function],
  },
  Symbol(enzyme.__node__): Object {
    "instance": null,
    "key": undefined,
    "nodeType": "class",
    "props": Object {
      "children": Array [
        <BackgroundImage
          source={1}
          style={undefined}
        />,
        <Image
          source={1}
          style={
            Object {
              "alignSelf": "center",
              "height": 300,
              "width": 300,
            }
          }
        />,
        <FlatList
          ItemSeparatorComponent={[Function]}
          data={undefined}
          disableVirtualization={false}
          horizontal={false}
          initialNumToRender={10}
          keyExtractor={[Function]}
          maxToRenderPerBatch={10}
          numColumns={1}
          onEndReachedThreshold={2}
          renderItem={[Function]}
          scrollEventThrottle={50}
          style={
            Object {
              "flex": 1,
            }
          }
          updateCellsBatchingPeriod={50}
          windowSize={21}
        />,
        <Component
          style={
            Object {
              "backgroundColor": "rgba(255,255,255,0.45)",
              "marginBottom": 40,
              "marginTop": 10,
              "paddingVertical": 15,
            }
          }
        >
          <Styled(Button)
            block={true}
            onPress={undefined}
            style={
              Object {
                "alignSelf": "center",
                "backgroundColor": "transparent",
                "borderBottomWidth": 2,
                "borderColor": "white",
                "elevation": 0,
                "width": "80%",
              }
            }
            virtual={undefined}
          >
            <Styled(Text)
              style={
                Object {
                  "color": "#fff",
                  "fontSize": 20,
                  "fontWeight": "bold",
                }
              }
              virtual={undefined}
            >
              RESTORE ACCOUNT
            </Styled(Text)>
          </Styled(Button)>
          <Styled(Button)
            block={true}
            onPress={undefined}
            style={
              Object {
                "alignSelf": "center",
                "backgroundColor": "transparent",
                "borderColor": "#FF8B00",
                "elevation": 0,
              }
            }
            virtual={undefined}
          >
            <Styled(Text)
              style={
                Object {
                  "color": "#fff",
                  "fontSize": 20,
                  "fontWeight": "bold",
                }
              }
              virtual={undefined}
            >
              NEW ACCOUNT
            </Styled(Text)>
          </Styled(Button)>
          <Component
            style={undefined}
          />
        </Component>,
      ],
      "style": Object {
        "alignItems": "stretch",
        "flex": 1,
        "flexDirection": "column",
        "justifyContent": "flex-start",
      },
    },
    "ref": null,
    "rendered": Array [
      Object {
        "instance": null,
        "key": undefined,
        "nodeType": "function",
        "props": Object {
          "source": 1,
          "style": undefined,
        },
        "ref": null,
        "rendered": null,
        "type": [Function],
      },
      Object {
        "instance": null,
        "key": undefined,
        "nodeType": "class",
        "props": Object {
          "source": 1,
          "style": Object {
            "alignSelf": "center",
            "height": 300,
            "width": 300,
          },
        },
        "ref": null,
        "rendered": null,
        "type": [Function],
      },
      Object {
        "instance": null,
        "key": undefined,
        "nodeType": "class",
        "props": Object {
          "ItemSeparatorComponent": [Function],
          "data": undefined,
          "disableVirtualization": false,
          "horizontal": false,
          "initialNumToRender": 10,
          "keyExtractor": [Function],
          "maxToRenderPerBatch": 10,
          "numColumns": 1,
          "onEndReachedThreshold": 2,
          "renderItem": [Function],
          "scrollEventThrottle": 50,
          "style": Object {
            "flex": 1,
          },
          "updateCellsBatchingPeriod": 50,
          "windowSize": 21,
        },
        "ref": null,
        "rendered": null,
        "type": [Function],
      },
      Object {
        "instance": null,
        "key": undefined,
        "nodeType": "class",
        "props": Object {
          "children": Array [
            <Styled(Button)
              block={true}
              onPress={undefined}
              style={
                Object {
                  "alignSelf": "center",
                  "backgroundColor": "transparent",
                  "borderBottomWidth": 2,
                  "borderColor": "white",
                  "elevation": 0,
                  "width": "80%",
                }
              }
              virtual={undefined}
            >
              <Styled(Text)
                style={
                  Object {
                    "color": "#fff",
                    "fontSize": 20,
                    "fontWeight": "bold",
                  }
                }
                virtual={undefined}
              >
                RESTORE ACCOUNT
              </Styled(Text)>
            </Styled(Button)>,
            <Styled(Button)
              block={true}
              onPress={undefined}
              style={
                Object {
                  "alignSelf": "center",
                  "backgroundColor": "transparent",
                  "borderColor": "#FF8B00",
                  "elevation": 0,
                }
              }
              virtual={undefined}
            >
              <Styled(Text)
                style={
                  Object {
                    "color": "#fff",
                    "fontSize": 20,
                    "fontWeight": "bold",
                  }
                }
                virtual={undefined}
              >
                NEW ACCOUNT
              </Styled(Text)>
            </Styled(Button)>,
            <Component
              style={undefined}
            />,
          ],
          "style": Object {
            "backgroundColor": "rgba(255,255,255,0.45)",
            "marginBottom": 40,
            "marginTop": 10,
            "paddingVertical": 15,
          },
        },
        "ref": null,
        "rendered": Array [
          Object {
            "instance": null,
            "key": undefined,
            "nodeType": "class",
            "props": Object {
              "block": true,
              "children": <Styled(Text)
                style={
                  Object {
                    "color": "#fff",
                    "fontSize": 20,
                    "fontWeight": "bold",
                  }
                }
                virtual={undefined}
              >
                RESTORE ACCOUNT
              </Styled(Text)>,
              "onPress": undefined,
              "style": Object {
                "alignSelf": "center",
                "backgroundColor": "transparent",
                "borderBottomWidth": 2,
                "borderColor": "white",
                "elevation": 0,
                "width": "80%",
              },
              "virtual": undefined,
            },
            "ref": null,
            "rendered": Object {
              "instance": null,
              "key": undefined,
              "nodeType": "class",
              "props": Object {
                "children": "RESTORE ACCOUNT",
                "style": Object {
                  "color": "#fff",
                  "fontSize": 20,
                  "fontWeight": "bold",
                },
                "virtual": undefined,
              },
              "ref": null,
              "rendered": "RESTORE ACCOUNT",
              "type": [Function],
            },
            "type": [Function],
          },
          Object {
            "instance": null,
            "key": undefined,
            "nodeType": "class",
            "props": Object {
              "block": true,
              "children": <Styled(Text)
                style={
                  Object {
                    "color": "#fff",
                    "fontSize": 20,
                    "fontWeight": "bold",
                  }
                }
                virtual={undefined}
              >
                NEW ACCOUNT
              </Styled(Text)>,
              "onPress": undefined,
              "style": Object {
                "alignSelf": "center",
                "backgroundColor": "transparent",
                "borderColor": "#FF8B00",
                "elevation": 0,
              },
              "virtual": undefined,
            },
            "ref": null,
            "rendered": Object {
              "instance": null,
              "key": undefined,
              "nodeType": "class",
              "props": Object {
                "children": "NEW ACCOUNT",
                "style": Object {
                  "color": "#fff",
                  "fontSize": 20,
                  "fontWeight": "bold",
                },
                "virtual": undefined,
              },
              "ref": null,
              "rendered": "NEW ACCOUNT",
              "type": [Function],
            },
            "type": [Function],
          },
          Object {
            "instance": null,
            "key": undefined,
            "nodeType": "class",
            "props": Object {
              "style": undefined,
            },
            "ref": null,
            "rendered": null,
            "type": [Function],
          },
        ],
        "type": [Function],
      },
    ],
    "type": [Function],
  },
  Symbol(enzyme.__nodes__): Array [
    Object {
      "instance": null,
      "key": undefined,
      "nodeType": "class",
      "props": Object {
        "children": Array [
          <BackgroundImage
            source={1}
            style={undefined}
          />,
          <Image
            source={1}
            style={
              Object {
                "alignSelf": "center",
                "height": 300,
                "width": 300,
              }
            }
          />,
          <FlatList
            ItemSeparatorComponent={[Function]}
            data={undefined}
            disableVirtualization={false}
            horizontal={false}
            initialNumToRender={10}
            keyExtractor={[Function]}
            maxToRenderPerBatch={10}
            numColumns={1}
            onEndReachedThreshold={2}
            renderItem={[Function]}
            scrollEventThrottle={50}
            style={
              Object {
                "flex": 1,
              }
            }
            updateCellsBatchingPeriod={50}
            windowSize={21}
          />,
          <Component
            style={
              Object {
                "backgroundColor": "rgba(255,255,255,0.45)",
                "marginBottom": 40,
                "marginTop": 10,
                "paddingVertical": 15,
              }
            }
          >
            <Styled(Button)
              block={true}
              onPress={undefined}
              style={
                Object {
                  "alignSelf": "center",
                  "backgroundColor": "transparent",
                  "borderBottomWidth": 2,
                  "borderColor": "white",
                  "elevation": 0,
                  "width": "80%",
                }
              }
              virtual={undefined}
            >
              <Styled(Text)
                style={
                  Object {
                    "color": "#fff",
                    "fontSize": 20,
                    "fontWeight": "bold",
                  }
                }
                virtual={undefined}
              >
                RESTORE ACCOUNT
              </Styled(Text)>
            </Styled(Button)>
            <Styled(Button)
              block={true}
              onPress={undefined}
              style={
                Object {
                  "alignSelf": "center",
                  "backgroundColor": "transparent",
                  "borderColor": "#FF8B00",
                  "elevation": 0,
                }
              }
              virtual={undefined}
            >
              <Styled(Text)
                style={
                  Object {
                    "color": "#fff",
                    "fontSize": 20,
                    "fontWeight": "bold",
                  }
                }
                virtual={undefined}
              >
                NEW ACCOUNT
              </Styled(Text)>
            </Styled(Button)>
            <Component
              style={undefined}
            />
          </Component>,
        ],
        "style": Object {
          "alignItems": "stretch",
          "flex": 1,
          "flexDirection": "column",
          "justifyContent": "flex-start",
        },
      },
      "ref": null,
      "rendered": Array [
        Object {
          "instance": null,
          "key": undefined,
          "nodeType": "function",
          "props": Object {
            "source": 1,
            "style": undefined,
          },
          "ref": null,
          "rendered": null,
          "type": [Function],
        },
        Object {
          "instance": null,
          "key": undefined,
          "nodeType": "class",
          "props": Object {
            "source": 1,
            "style": Object {
              "alignSelf": "center",
              "height": 300,
              "width": 300,
            },
          },
          "ref": null,
          "rendered": null,
          "type": [Function],
        },
        Object {
          "instance": null,
          "key": undefined,
          "nodeType": "class",
          "props": Object {
            "ItemSeparatorComponent": [Function],
            "data": undefined,
            "disableVirtualization": false,
            "horizontal": false,
            "initialNumToRender": 10,
            "keyExtractor": [Function],
            "maxToRenderPerBatch": 10,
            "numColumns": 1,
            "onEndReachedThreshold": 2,
            "renderItem": [Function],
            "scrollEventThrottle": 50,
            "style": Object {
              "flex": 1,
            },
            "updateCellsBatchingPeriod": 50,
            "windowSize": 21,
          },
          "ref": null,
          "rendered": null,
          "type": [Function],
        },
        Object {
          "instance": null,
          "key": undefined,
          "nodeType": "class",
          "props": Object {
            "children": Array [
              <Styled(Button)
                block={true}
                onPress={undefined}
                style={
                  Object {
                    "alignSelf": "center",
                    "backgroundColor": "transparent",
                    "borderBottomWidth": 2,
                    "borderColor": "white",
                    "elevation": 0,
                    "width": "80%",
                  }
                }
                virtual={undefined}
              >
                <Styled(Text)
                  style={
                    Object {
                      "color": "#fff",
                      "fontSize": 20,
                      "fontWeight": "bold",
                    }
                  }
                  virtual={undefined}
                >
                  RESTORE ACCOUNT
                </Styled(Text)>
              </Styled(Button)>,
              <Styled(Button)
                block={true}
                onPress={undefined}
                style={
                  Object {
                    "alignSelf": "center",
                    "backgroundColor": "transparent",
                    "borderColor": "#FF8B00",
                    "elevation": 0,
                  }
                }
                virtual={undefined}
              >
                <Styled(Text)
                  style={
                    Object {
                      "color": "#fff",
                      "fontSize": 20,
                      "fontWeight": "bold",
                    }
                  }
                  virtual={undefined}
                >
                  NEW ACCOUNT
                </Styled(Text)>
              </Styled(Button)>,
              <Component
                style={undefined}
              />,
            ],
            "style": Object {
              "backgroundColor": "rgba(255,255,255,0.45)",
              "marginBottom": 40,
              "marginTop": 10,
              "paddingVertical": 15,
            },
          },
          "ref": null,
          "rendered": Array [
            Object {
              "instance": null,
              "key": undefined,
              "nodeType": "class",
              "props": Object {
                "block": true,
                "children": <Styled(Text)
                  style={
                    Object {
                      "color": "#fff",
                      "fontSize": 20,
                      "fontWeight": "bold",
                    }
                  }
                  virtual={undefined}
                >
                  RESTORE ACCOUNT
                </Styled(Text)>,
                "onPress": undefined,
                "style": Object {
                  "alignSelf": "center",
                  "backgroundColor": "transparent",
                  "borderBottomWidth": 2,
                  "borderColor": "white",
                  "elevation": 0,
                  "width": "80%",
                },
                "virtual": undefined,
              },
              "ref": null,
              "rendered": Object {
                "instance": null,
                "key": undefined,
                "nodeType": "class",
                "props": Object {
                  "children": "RESTORE ACCOUNT",
                  "style": Object {
                    "color": "#fff",
                    "fontSize": 20,
                    "fontWeight": "bold",
                  },
                  "virtual": undefined,
                },
                "ref": null,
                "rendered": "RESTORE ACCOUNT",
                "type": [Function],
              },
              "type": [Function],
            },
            Object {
              "instance": null,
              "key": undefined,
              "nodeType": "class",
              "props": Object {
                "block": true,
                "children": <Styled(Text)
                  style={
                    Object {
                      "color": "#fff",
                      "fontSize": 20,
                      "fontWeight": "bold",
                    }
                  }
                  virtual={undefined}
                >
                  NEW ACCOUNT
                </Styled(Text)>,
                "onPress": undefined,
                "style": Object {
                  "alignSelf": "center",
                  "backgroundColor": "transparent",
                  "borderColor": "#FF8B00",
                  "elevation": 0,
                },
                "virtual": undefined,
              },
              "ref": null,
              "rendered": Object {
                "instance": null,
                "key": undefined,
                "nodeType": "class",
                "props": Object {
                  "children": "NEW ACCOUNT",
                  "style": Object {
                    "color": "#fff",
                    "fontSize": 20,
                    "fontWeight": "bold",
                  },
                  "virtual": undefined,
                },
                "ref": null,
                "rendered": "NEW ACCOUNT",
                "type": [Function],
              },
              "type": [Function],
            },
            Object {
              "instance": null,
              "key": undefined,
              "nodeType": "class",
              "props": Object {
                "style": undefined,
              },
              "ref": null,
              "rendered": null,
              "type": [Function],
            },
          ],
          "type": [Function],
        },
      ],
      "type": [Function],
    },
  ],
  Symbol(enzyme.__options__): Object {
    "adapter": ReactSixteenAdapter {
      "options": Object {
        "enableComponentDidUpdateOnSetState": true,
      },
    },
  },
}
`;
